8
1
1
1
8
1
8
1
8
8
9
1
1
8
8
8
9
8
9
8
9
9
8
8
9
9
9
1
8
1
8
8
1
1
8
8
8
8
8
8
9
8
8
9
8
9
